--------------------------------------------------
Activity Started at : 2025-05-21 18:24:21
--------------------------------------------------
2025-05-21 18:43:30 : DPR Report(CSV format) Generated Successfully for the date: 2025-05-20, Report : /mnt/reports/dpr_2025-05-20.csv
2025-05-21 18:43:39 : DPR Report(PDF format) Generated Successfully for the date: 2025-05-20, Report : /mnt/reports/dpr_2025-05-20.pdf
Resolving host 164.100.14.95 . . . done.
Connecting to 164.100.14.95:25 . . . connected.
220 relayin.nic.in ESMTP
>>> HELO ag23p-dbnode-004.webcloud3.nic.in
250 relayin.nic.in
>>> MAIL FROM:<Info-nam@gov.in>
250 sender <Info-nam@gov.in> ok
>>> RCPT TO:<-b>
250 recipient <-b> ok
>>> RCPT TO:<devops@fertis.in>
250 recipient <devops@fertis.in> ok
>>> RCPT TO:<mahanthiparthu@gmail.com>
250 recipient <mahanthiparthu@gmail.com> ok
>>> DATA
354 go ahead
>>> .
250 ok:  Message 1082593565 accepted
>>> QUIT
221 relayin.nic.in
--------------------------------------------------
Activity Ended at : 2025-05-21 18:43:39
--------------------------------------------------
