--------------------------------------------------
Activity Started at : 2025-08-15 07:14:06
--------------------------------------------------
2025-08-15 07:14:14 : DPR Report(PDF format) Generated Successfully for the date: 2025-08-13, Report : /mnt/reports/dpr_2025-08-13.pdf
Resolving host 164.100.14.95 . . . done.
Connecting to 164.100.14.95:25 . . . connected.
220 relayin.nic.in ESMTP
>>> HELO ag23p-dbnode-004.webcloud3.nic.in
250 relayin.nic.in
>>> MAIL FROM:<Info-nam@gov.in>
250 sender <Info-nam@gov.in> ok
>>> RCPT TO:<-b>
250 recipient <-b> ok
>>> RCPT TO:<devops@fertis.in>
250 recipient <devops@fertis.in> ok
>>> RCPT TO:<kspandana@fertis.in>
250 recipient <kspandana@fertis.in> ok
>>> RCPT TO:<mahanthiparthu@gmail.com>
250 recipient <mahanthiparthu@gmail.com> ok
>>> RCPT TO:<mitali@fertis.in>
250 recipient <mitali@fertis.in> ok
>>> DATA
354 go ahead
>>> .
250 ok:  Message 1286803890 accepted
>>> QUIT
221 relayin.nic.in
--------------------------------------------------
Activity Ended at : 2025-08-15 07:14:15
--------------------------------------------------
