--------------------------------------------------
Activity Started at : 2025-03-16 06:00:01
--------------------------------------------------
2025-03-16 06:22:37 : DPR Report(CSV format) Generated Successfully for the date: 2025-03-15, Report : /mnt/reports/dpr_2025-03-15.csv
2025-03-16 06:22:46 : DPR Report(PDF format) Generated Successfully for the date: 2025-03-15, Report : /mnt/reports/dpr_2025-03-15.pdf
Resolving host 164.100.14.95 . . . done.
Connecting to 164.100.14.95:25 . . . connected.
220 relayin.nic.in ESMTP
>>> HELO ag23p-dbnode-004.webcloud3.nic.in
250 relayin.nic.in
>>> MAIL FROM:<Info-nam@gov.in>
250 sender <Info-nam@gov.in> ok
>>> RCPT TO:<adilshaik@fertis.in>
250 recipient <adilshaik@fertis.in> ok
>>> RCPT TO:<apoorva.chauhan@fertis.in>
250 recipient <apoorva.chauhan@fertis.in> ok
>>> RCPT TO:<chiranjiv.s@fertis.in>
250 recipient <chiranjiv.s@fertis.in> ok
>>> RCPT TO:<devops@fertis.in>
250 recipient <devops@fertis.in> ok
>>> RCPT TO:<dipen@fertis.in>
250 recipient <dipen@fertis.in> ok
>>> RCPT TO:<kspandana@fertis.in>
250 recipient <kspandana@fertis.in> ok
>>> RCPT TO:<mahanthiparthu@gmail.com>
250 recipient <mahanthiparthu@gmail.com> ok
>>> RCPT TO:<mitali@fertis.in>
250 recipient <mitali@fertis.in> ok
>>> RCPT TO:<rakesh@fertis.in>
250 recipient <rakesh@fertis.in> ok
>>> RCPT TO:<sateesh.vummalreddy@gmail.com>
250 recipient <sateesh.vummalreddy@gmail.com> ok
>>> RCPT TO:<suman.s@fertis.in>
250 recipient <suman.s@fertis.in> ok
>>> RCPT TO:<sunil.kaushik@fertis.in>
250 recipient <sunil.kaushik@fertis.in> ok
>>> DATA
354 go ahead
>>> .
250 ok:  Message 1195723359 accepted
>>> QUIT
221 relayin.nic.in
--------------------------------------------------
Activity Ended at : 2025-03-16 06:25:47
--------------------------------------------------
