--------------------------------------------------
Activity Started at : 2025-12-11 20:50:47
--------------------------------------------------
2025-12-11 20:50:58 : DPR Report(PDF format) Generated Successfully for the date: 2025-12-08, Report : /mnt/reports/dpr_2025-12-08.pdf
Resolving host 164.100.14.95 . . . done.
Connecting to 164.100.14.95:25 . . . connected.
220 relayin.nic.in ESMTP
>>> HELO ag23p-dbnode-004.webcloud3.nic.in
250 relayin.nic.in
>>> MAIL FROM:<Info-nam@gov.in>
250 sender <Info-nam@gov.in> ok
>>> RCPT TO:<devops@fertis.in>
250 recipient <devops@fertis.in> ok
>>> RCPT TO:<kspandana@fertis.in>
250 recipient <kspandana@fertis.in> ok
>>> RCPT TO:<mahanthiparthu@gmail.com>
250 recipient <mahanthiparthu@gmail.com> ok
>>> RCPT TO:<mitali@fertis.in>
250 recipient <mitali@fertis.in> ok
>>> RCPT TO:<sunil.kaushik@fertis.in>
250 recipient <sunil.kaushik@fertis.in> ok
>>> DATA
354 go ahead
>>> .
250 ok:  Message 1324457234 accepted
>>> QUIT
221 relayin.nic.in
--------------------------------------------------
Activity Ended at : 2025-12-11 20:50:58
--------------------------------------------------
