--------------------------------------------------
Activity Started at : 2025-10-21 23:06:12
--------------------------------------------------
2025-10-22 00:28:37 : DPR Report(CSV format) Generated Successfully for the date: 2025-10-13, Report : /mnt/reports/dpr_2025-10-13.csv
2025-10-22 00:28:52 : DPR Report(PDF format) Generated Successfully for the date: 2025-10-13, Report : /mnt/reports/dpr_2025-10-13.pdf
Resolving host 164.100.14.95 . . . done.
Connecting to 164.100.14.95:25 . . . connected.
220 esadelnkn03.nic.in ESMTP
>>> HELO ag23p-dbnode-004.webcloud3.nic.in
250 esadelnkn03.nic.in
>>> MAIL FROM:<Info-nam@gov.in>
250 sender <Info-nam@gov.in> ok
>>> RCPT TO:<-b>
250 recipient <-b> ok
>>> RCPT TO:<devops@fertis.in>
250 recipient <devops@fertis.in> ok
>>> RCPT TO:<mahanthiparthu@gmail.com>
250 recipient <mahanthiparthu@gmail.com> ok
>>> DATA
354 go ahead
>>> .
250 ok:  Message 640893280 accepted
>>> QUIT
221 esadelnkn03.nic.in
--------------------------------------------------
Activity Ended at : 2025-10-22 00:28:53
--------------------------------------------------
